// Jest Snapshot v1, https://goo.gl/fbAQLP

exports[`resetPassword mutation throws error if password is not valid 1`] = `"Password must be at least 8 characters"`;

exports[`resetPassword mutation throws error if token is not valid 1`] = `"Token is either invalid or expired"`;
