// Jest Snapshot v1, https://goo.gl/fbAQLP

exports[`signOut mutation clears the token cookie and returns a message 1`] = `
Object {
  "message": "Successfully logged out",
}
`;
